---
source: src/raw/item_data.rs
expression: item_data
---
ItemData {
    point_ops: [
        NewPoint { x: 0, y: 9 },
        NewPoint { x: 82, y: 0 },
        NewPoint { x: 36, y: 27 },
        NewPoint { x: 0, y: 9 },
    ],
    name: Some(
        "R265 LA GREMUSE",
    ),
    frequency: None,
    frequency_name: None,
    icao_code: None,
    secondary_frequency: None,
    exception_rules: None,
    notam_remarks: None,
    notam_id: None,
    notam_insert_time: None,
}
