---
source: src/raw/item_data.rs
expression: item_data
---
RawItemData {
    point_ops: [
        MoveOrigin {
            x: 100,
            y: 200,
        },
        NewPoint {
            x: 10,
            y: 20,
        },
        NewPoint {
            x: 30,
            y: 40,
        },
    ],
    name: Some(
        [
            84,
            101,
            115,
            116,
            32,
            65,
            105,
            114,
            115,
            112,
            97,
            99,
            101,
        ],
    ),
    frequency: Some(
        123450,
    ),
    frequency_name: Some(
        [
            84,
            111,
            119,
            101,
            114,
        ],
    ),
    icao_code: Some(
        [
            76,
            70,
            80,
            71,
        ],
    ),
    secondary_frequency: Some(
        128500,
    ),
    exception_rules: Some(
        [
            67,
            108,
            97,
            115,
            115,
            32,
            68,
            32,
            119,
            104,
            101,
            110,
            32,
            116,
            111,
            119,
            101,
            114,
            32,
            97,
            99,
            116,
            105,
            118,
            101,
        ],
    ),
    notam_remarks: Some(
        [
            65,
            99,
            116,
            105,
            118,
            101,
            32,
            100,
            117,
            114,
            105,
            110,
            103,
            32,
            97,
            105,
            114,
            115,
            104,
            111,
            119,
        ],
    ),
    notam_id: Some(
        [
            65,
            49,
            50,
            51,
            52,
            47,
            50,
            53,
        ],
    ),
    notam_insert_time: Some(
        305419896,
    ),
}
