---
source: src/read/item.rs
expression: items
---
[
    Item {
        left: 0.1,
        top: 0.5,
        right: 0.4,
        bottom: 0.2,
        type_byte: 4,
        alt_style_byte: 35,
        min_alt: 100,
        max_alt: 5000,
        points_offset: 0,
        time_out: 0,
        extra_data: 0,
        active_time: 67108863,
        extended_type_byte: 0,
    },
    Item {
        left: 0.1,
        top: 0.5,
        right: 0.4,
        bottom: 0.2,
        type_byte: 4,
        alt_style_byte: 35,
        min_alt: 100,
        max_alt: 5000,
        points_offset: 0,
        time_out: 0,
        extra_data: 0,
        active_time: 67108863,
        extended_type_byte: 0,
    },
]
