---
source: tests/reader_test.rs
expression: all_names
---
[
    "AWY A29",
    "AWY B31",
    "Agen1 119.15",
    "Agen2 119.15",
    "Aiguilles Rouges 1000m/sol",
    "Ajaccio1 121.05",
    "Ajaccio2 121.05",
    "Ajaccio3 121.05",
    "Ajaccio4 121.05",
    "Ajaccio5 121.05",
    "Ajaccio5 121.05",
    "Aquitaine 4 120.575",
    "Aquitaine 4 120.575",
    "Aquitaine 5 120.575",
    "Aquitaine 6 120.575",
    "Aquitaine 7 120.575",
    "Aquitaine 7 120.575",
    "Aquitaine 8",
    "Aquitaine 9 120.575",
    "Aquitaine2.1 120.575",
    "Aquitaine2.2 120.575",
    "Aquitaine3-1 120.575",
    "Aquitaine3-2 120.575",
    "Avord1-1 119,7",
    "Avord1-2 119.7",
    "Avord2 119.7",
    "BOURG LASTIC R 233 A",
    "Bale Nord 119.35",
    "Bale Nord 119.35",
    "Bale SE 119.35",
    "Bale SE 119.35",
    "Bale SE 119.35",
    "Bale SW1 119.35",
    "Bale SW1 119.35",
    "Bale SW1 119.35",
    "Bale SW2 119.35",
    "Bale SW2 119.35",
    "Bale SW2 119.35",
    "Bale1 119.35",
    "Bale10 119.35",
    "Bale2 119.35",
    "Bale3 119.35",
    "Bale4 119.35",
    "Bale5 119.35",
    "Bale6 119.35",
    "Bale7 119.35",
    "Bale8 119.35",
    "Bale9 119.35",
    "Bauges 300m/Sol",
    "Beauvais1 123.985",
    "Beauvais2.1 123.985",
    "Beauvais2.2 123.985",
    "Beauvais3 123.985",
    "Beauvais4 123.985",
    "Beauvais5 123.985",
    "Biarritz1 125.6",
    "Biarritz2 125.6",
    "Biarritz3 125.6",
    "Biarritz4 125.6",
    "Biarritz5 125.6",
    "Biarritz6 125.6",
    "Biarritz6 125.6",
    "Biarritz9.1 125.6",
    "Biarritz9.2 125.6",
    "Biarritz9.2 125.6",
    "CBA C25 FW Bale Info 135.85",
    "CHARLIE VV SF TMA2 POITIERS",
    "COMBOIRE R 235",
    "CTA Clermont 1",
    "CTA Clermont 2",
    "CTA Cognac 132.45",
    "CTA ILES ANGLO-NORMANDES part1",
    "CTA ILES ANGLO-NORMANDES part2",
    "CTA Limoges 119.200",
    "CTA Lyon 135.200",
    "CTA Marseille Except R71",
    "CTA Marseille Except R71",
    "CTA Salon1 (Salon 135.15)",
    "CTA Salon2 (Salon 135.15)",
    "CTA Salon3 (Salon 135.15)",
    "CTA Toulon1.1 118.82",
    "CTA Toulon1.2 118.82",
    "CTA Toulon1.3 118.82",
    "CTA-Toulouse 1",
    "CTA-Toulouse 2",
    "CTA-Toulouse 3",
    "CTA-Toulouse 4",
    "CTA-Toulouse CEV 1 (TLS essai 122.9)",
    "CTA-Toulouse CEV 2 (TLS essai 122.9)",
    "CTA-Toulouse CEV 3 (TLS essai 122.9)",
    "CTA-Toulouse CEV 4 (TLS essai 122.9)",
    "CTA-Toulouse CEV 5 (TLS essai 122.9)",
    "CTR ALBERT BRAY",
    "CTR Agen 121.3",
    "CTR Aix 118.750",
    "CTR Ajaccio 118.075",
    "CTR Annecy 118.2",
    "CTR Avignon 1 122.6",
    "CTR Avignon 2 122.6",
    "CTR Avord 119.7",
    "CTR BALE partie francaise",
    "CTR BIARRITZ",
    "CTR Bastia 118.0",
    "CTR Beauvais TWR 121.4",
    "CTR Bergerac 119.8",
    "CTR Beziers1 120.175",
    "CTR Beziers2 120.175",
    "CTR Bordeaux 118.3",
    "CTR Brest 120.1",
    "CTR Brive",
    "CTR Bron118.1",
    "CTR CHAMBERY 1  118.3",
    "CTR CHAMBERY 2  118.3  ACTIVE mi-dec -> mi-avril",
    "CTR CHAMBERY 3 CHAMBERY TOUR 118.3 ACTIVABLE de mi-decembre  mi",
    "CTR Caen 134.525",
    "CTR Calvi 123.2",
    "CTR Cannes 118.625",
    "CTR Cannes2 118.625",
    "CTR Carcassonne 134.500",
    "CTR Chateauroux 125.875",
    "CTR Clermont 118.625",
    "CTR Cognac 120.075",
    "CTR DOLE 130.775",
    "CTR Deauville 118.3",
    "CTR Dinard1 120.150",
    "CTR Dinard2 121.1",
    "CTR Etain -Strasbourg Info 119.45",
    "CTR Evreux 118.125",
    "CTR Figari 120.300",
    "CTR GRENOBLE 1 119.3",
    "CTR Garons 123.2",
    "CTR Hyeres 118.825",
    "CTR Istres 1.1 127.925",
    "CTR Istres 1.2 127.925",
    "CTR Istres 1.3 127.925",
    "CTR Jersey",
    "CTR KARLSRUHE BADEN partie francaise",
    "CTR LANVEOC partie 1",
    "CTR LANVEOC partie 2",
    "CTR LILLE 118.55",
    "CTR LaRochelle 118.0",
    "CTR Landivisiau 122.4",
    "CTR LeTouquet 118.45",
    "CTR Limoges1 119.55",
    "CTR Lorient 123.0",
    "CTR Lorraine 118.2",
    "CTR Lourdes 119.050",
    "CTR Luxueil 129.925",
    "CTR MARSAN 119.7",
    "CTR MELUN 134.3",
    "CTR Merville 119.075",
    "CTR Montpellier 118.775",
    "CTR NANTES 118.650",
    "CTR Nancy Ochey 122.1",
    "CTR Nice1 118.7",
    "CTR Orange 118.925",
    "CTR Orleans 122.7",
    "CTR PARIS",
    "CTR Pau 124.150",
    "CTR Perpignan 118.3",
    "CTR Poitiers1 118.5",
    "CTR Poitiers2 118.5",
    "CTR Pontoise 121.2",
    "CTR Provence 119.5",
    "CTR Quimper 118.625",
    "CTR Rennes 120.5",
    "CTR Rodez 118.125",
    "CTR Rouen 120.2",
    "CTR SAINT NAZAIRE partie 1 118.950",
    "CTR SAINT NAZAIRE partie 2 118.950",
    "CTR SAINT-YAN partie 1 122.3",
    "CTR SAINT-YAN partie 2 122.3",
    "CTR SALON 135.15",
    "CTR Sarrebruck 118.35 ENG",
    "CTR StDizier 134.775",
    "CTR StEtienne1 118.65",
    "CTR StEtienne2 118.65",
    "CTR StExupery 120.45",
    "CTR Strasbourg",
    "CTR Toulouse 118.1",
    "CTR Tours 124.4",
    "CTR Vatry 129.4",
    "CTR Villacoublay 128,95",
    "CTR1 Strasbourg 119.25",
    "CTR2 Strasbourg 119.25",
    "Cevennes 1000 m/sol",
    "Clermont1 122.225",
    "Clermont10 122.225",
    "Clermont11 122.225",
    "Clermont12 122.225",
    "Clermont2 122.225",
    "Clermont2 122.225",
    "Clermont2.1 Vic 122.225",
    "Clermont2.2 Champeix 128.625",
    "Clermont2.3 Orcines 122.225",
    "Clermont3 122.225",
    "Clermont4 122.225",
    "Clermont4 122.225",
    "Clermont4.1 JOB 122.225",
    "Clermont4.2 Onde 122.225",
    "Clermont5 122.225",
    "Clermont5.1 PuyDeDome 122.225",
    "Clermont6 122.225",
    "Clermont6 122.225",
    "Clermont7 133.725",
    "Clermont8 128.625",
    "Clermont9 122.225",
    "Clrmnt3 122.225",
    "Contamines 300m/sol",
    "D122 A (Cazaux 119.6)",
    "D122 B (Cazaux 119.6)",
    "D155 (sauf SDJF)",
    "D178 LV SAUF JF",
    "D179",
    "D181 LeCuin (Notam)",
    "D182 Raissac (Notam)",
    "D184 LeBertrandou (Notam)",
    "D192E Run Cevennes (Rhone 127.92)",
    "D192S Run Cevennes (Rhone 127.92)",
    "D192W RunCevennes (Rhone 127.92)",
    "D216 BOIS L:EVEQUE",
    "D226A EtampesOuest",
    "D226B EtampesEst",
    "D227A BreuilPont",
    "D227B HoudanNord",
    "D227C HoudanNord",
    "D236 Training Flights",
    "D237 Garchy (AV D 119.7)",
    "D244 CARRIERES DE VOUTRE",
    "D253 Harth Nord",
    "D54C (Fanny 127.97)",
    "D568A Frileuse (RAI 01.34.91.21.64)",
    "D568B Frileuse (RAI 01.34.91.21.64)",
    "D569 Laser St Michel",
    "D580 Frasselli (Notam)",
    "D580 Frasselli (Tirs)",
    "D588",
    "D59",
    "D595 Laser",
    "D596 A Laser",
    "D74 Lignes electriques",
    "D75 Emissions Radar",
    "EBR18B",
    "EBR24A Koksijde 121.055 High (ENG)",
    "EBR24A Koksijde 121.055 Low (ENG)",
    "ECHO 11 VV",
    "ECHO 12 VV SF TMA4 LIMOGES ET R102",
    "ECHO 14 VV",
    "ECHO 15 VV",
    "ECHO 16 VV",
    "ECHO 18 VV",
    "ECRINS 1000M/SOL",
    "Ecrins Ent.Vautisse",
    "Ecrins Entre Agneaux",
    "Ecrins Jonction Vallouise-Champsaur",
    "Ecrins Sortie N Combeynot",
    "Ecrins Sortie NW",
    "Ecrins Voie Royale S-N",
    "Ecrins Voie Sud Ouest",
    "Ecrins Zone Chaillol",
    "Etain 1 120.125",
    "Etain 2",
    "Etain 3 120.125",
    "Evreux1 118.125",
    "Evreux2 118.125",
    "FL115 Max",
    "FONSORBES R 112",
    "Gde Sassiere 1000m/sol",
    "Geneve2 E 126.35",
    "Geneve3 E 126.35",
    "Grand Paradis",
    "Iroise1 119.575 ou 122.4",
    "Iroise2.1 135.825",
    "Iroise2.2 119.575",
    "Iroise3 119.575 ou 122.4",
    "Iroise4 119.575",
    "LF D 19 Givry 130.900",
    "LF D 42 A FRONHOLTZ",
    "LF D 42 B FRONHOLTZ",
    "LF R 113 A BRETIGNY",
    "LF R 151 LA LANDE D OUEE",
    "LF R 20 B2 N AVORD 119,7",
    "LF R 20 B2 S AVORD",
    "LF R 20 B3 E AVORD 119.7",
    "LF R 20 B3 W AVORD",
    "LF R 20 H3 AVORD",
    "LF R 20 H4 AVORD",
    "LF R 206 COMMERCY",
    "LF R 208 REGRET",
    "LF R 247 B CAMP DE SOUGE (13:RDP  tel 05.56.68.40.45)",
    "LF R 248 TARNOS (1: RIPMA 05.59.50.54.32)",
    "LF R 254 SAINT-ROMAIN",
    "LF R 256 LES CROCHERES",
    "LF R 257 CREIL",
    "LF R 258 AMBERIEU",
    "LF R 259 LAMANCHS (Cazaux APP 119.6)",
    "LF R 260 ROYAN",
    "LF R 261 LIMOGES",
    "LF R 262 ENGHIEN",
    "LF R 3106 V BAILLEAU",
    "LF R 3109 A LA FERTE ALAIS",
    "LF R 3109 B LA FERTE ALAIS",
    "LF R 3110 PERSAN",
    "LF R 49 H3 COGNAC",
    "LF R 61 MEDOC",
    "LF R 62 A B ESPERCE",
    "LF R 63 MORONVILLIERS",
    "LF R 83 NICE MONT AGEL",
    "LF R 84 A DOMAINE DE VERSAILLES",
    "LF R 84 B DOMAINE DE VERSAILLES",
    "LF R 9 D BOURGES",
    "LF R275 PARIS",
    "LF R276 PATROUILLE DE FRANCE Salon APP 135.15",
    "LF R278 VANNES",
    "LF R279 VANNES PARA",
    "LF R280 Puy du Fou",
    "LF R281 CERCOTTES Orleans APP 122.7",
    "LF R282 Campanella 2:REP 04 95 60 92 85",
    "LF R283 Carpiagne 1:REC 04 42 73 33 28",
    "LF R287 St Medard sur NOTAM (Pyrenees 126.525)",
    "LF R289 Sanguinet Cazaux APP 119.6",
    "LF R290 Carcans Cazaux App 118.6",
    "LF R292 Houeville",
    "LF R293 Moulainville (NOTAM sauf WE & JF) tel 06 88 23 41 14",
    "LF R294 Landivisiau Iroise Info 119.575 ou 122.4",
    "LF R294 Landivisiau Iroise Info 119.575 ou 122.4",
    "LF R295 Bricy tel 02 38 42 66 45",
    "LF R301 NOTAM Val Vienne E  tel 02 45 40 77 99 p 2115",
    "LF R302 NOTAM Val Vienne W  tel 02 45 40 77 99 p 2115",
    "LF R324 Veille Radio sur 120.075",
    "LF R325 SOLENZARA 119.900",
    "LF R326 Toulaud-juventin 04 75 78 63 97",
    "LF-R252 Dieuze TEL : 03 87 05 87 02.",
    "LF-R336 Hasparren tel 05 59 50 52 15",
    "LF-R337 St PEE SUR NIVELLE Tel 05 59 50 52 15",
    "LF-R338 ST MARTIN DE SEIGNANX Tel 05 59 50 52 15",
    "LF-R339 Landes Biarritz info",
    "LF-R340 Pamiers tel 05 34 01 99 10",
    "LF-R341 BA 701 tel 04 13 93 82 00",
    "LFR20 H1 AVORD",
    "LSR80T Vallorbe au dessus de FL95-2900m Autorisation et veille ",
    "LSR80T Vallorbe jusque FL95-2900m Autorisation Geneva Alps Rada",
    "LSR81T Le Brassus FL85-2600m Autorisation Geneva Alps Radar 119",
    "LSR81T Le Brassus au dessus de FL85-2600m Autorisation et Veill",
    "LTA 3 Alpes 5 - Vanoise",
    "LTA 3 Alpes 6 Mt Blanc - GENEVE INFO 126.350",
    "LTA 3 Alpes 6 Mt Blanc 175 Max - GENEVE INFO 126.350 CLASSE E",
    "LTA Alpes 1 FL195 Max",
    "LTA Aravis",
    "LTA Aravis 135 Max",
    "LTA Bauges",
    "LTA Bauges FL125 Max",
    "LTA Belledonne",
    "LTA Belledonne FL145 Max",
    "LTA FRANCE partie 3 Alpes 2 Vercors",
    "LTA France 1",
    "LTA France 1 - Sector Dents du Midi",
    "LTA Pyrenees1 FL195 Max",
    "LTA Pyrenees2 FL195 Max",
    "LTA Pyrenees3 FL195 Max",
    "LTA Vanoise 175 Max",
    "LTA Vercors FL125 Max",
    "LTA Verdon",
    "LTA Verdon FL135 Max",
    "LaRochelle1 124.2",
    "LaRochelle2.1 124.2",
    "LaRochelle2.2 124.2",
    "LaRochelle3 124.2",
    "LaRochelle4 124.2",
    "Le Bourget",
    "Limoges1 119.2",
    "Limoges1 119.2",
    "Limoges2 119.2",
    "Limoges3 119.2",
    "Limoges4 119.2",
    "Limoges5 119.2 (except R49E active)",
    "Limoges6.1 119.2",
    "Limoges6.2 119.2",
    "Lorient1 123.0",
    "Lorient2 123.0",
    "Lorient3 123.0",
    "Lorraine 4 119.125 MHz",
    "Lorraine1.1 119.125 Mhz",
    "Lorraine1.2 Strasbourg 120.700",
    "Lorraine2.2 Strasbourg 120.700",
    "Lorraine3.2 Strasbourg 120.700",
    "Lorraine5 119.125",
    "Lorraine5.1 SAUF SDJF G",
    "Luxembourg 3 118.905 MHz",
    "Luxembourg 4 118.905 MHz",
    "Luxeuil1 129.925",
    "Luxeuil2 129.925",
    "Luxeuil3 129.925",
    "Luxeuil4 129.925",
    "Luxeuil6 129.925 active RWY 29",
    "Marsan1.1 119.700",
    "Marsan1.2 119.700",
    "Marsan2 119.700",
    "Marsan3 119.700",
    "Mercantour 1000m/sol",
    "Montpellier1 130.855",
    "Montpellier10 130.855",
    "Montpellier11 130.855",
    "Montpellier2 130.855",
    "Montpellier4 130.855",
    "Montpellier5 130.855",
    "Montpellier6 130.855",
    "Montpellier7 130.855",
    "Montpellier8 130.855",
    "Montpellier9 130.855",
    "Nancy1.1 127.25",
    "Nancy1.2 127.25",
    "Nancy1.3 127.25",
    "Nancy2 127.25",
    "Nancy3 127.25",
    "Nice1.1 C 134.475",
    "Nice1.1 D 134.475",
    "Nice1.2 D 134.475",
    "Nice10 134.475",
    "Nice11 134.475",
    "Nice12 134.475",
    "Nice12 134.475",
    "Nice13 134.475",
    "Nice14 134.475",
    "Nice2 134.475",
    "Nice4 134.475",
    "Nice4 134.475",
    "Nice5 134.475",
    "Nice5 134.475",
    "Nice6 134.475",
    "Nice6 134.475",
    "Nice7 134.475",
    "Nice8 134.475",
    "Nice9 134.475",
    "Nice9 134.475",
    "OBERHOFFEN D 526 A+B",
    "OSSAU 500m/sol",
    "Ordessa 1000m/sol",
    "Orleans1 122.7",
    "Orleans1.2",
    "Orleans2 122.7",
    "Orleans5.1 122.7",
    "Orleans6.1 122.7",
    "Orleans7 122.7",
    "P 28 Le Havre",
    "P 29 LeRipault",
    "P1 BLAYAIS-BRAUD ET SAINT LOUIS",
    "P10 Cadarache",
    "P11 Creys Malville",
    "P112 Brest",
    "P12 Cruas",
    "P13 Fos",
    "P14 Grenoble",
    "P15 Lyon feyzin",
    "P16 Marcoule",
    "P18 Saint alban",
    "P19 Tricastin",
    "P2 Civaux",
    "P20 BELLEVILLE SUR LOIRE",
    "P21 Bruyeres",
    "P22 Chinon",
    "P24 Dampierre",
    "P25 Fontenay",
    "P26 Gravelines",
    "P27 Gravenchon",
    "P3 Golfech",
    "P31 Nogent",
    "P32 Paluel",
    "P33 Penly",
    "P34 St Laurent",
    "P35 MONT DE MARSAN",
    "P36 Fessenheim",
    "P37 Valduc",
    "P38 Chooz",
    "P39 Cattenom",
    "P4 Lacq",
    "P40 Avord",
    "P41 Istres",
    "P42 KERLOUAN",
    "P43 ROSNAY",
    "P44 LA REGINE",
    "P45 LA LAUZETTE",
    "P46 SAINTE ASSISE",
    "P47 BALARD",
    "P48 FORT BREGANCON",
    "P5 Le barp",
    "P50 GRAMAT",
    "P51 MUTZIG",
    "P52 LE BOUCHET",
    "P6.1 Flamanville",
    "P6.2 Flamanville",
    "P62 Toulon",
    "P63 Levant",
    "P64 Sarlat Domme",
    "P65 Taverny",
    "P66 Creil",
    "P67 Luxeuil",
    "P68-1 LE ROZELIER",
    "P69 LES ALLUETS",
    "P7 La Hague",
    "P72 St Dizier",
    "P73 Miramas",
    "P74 Chateaudouble",
    "P75 Evreux",
    "P76 Neubourg",
    "P77 Brienne",
    "P8 StNazaire",
    "P81 CHERBOURG",
    "P82 bretigny",
    "P83 CRANOU",
    "P84 St NICOLAS",
    "P9 Buget",
    "PARIS P23",
    "Para",
    "Para 301 Pyr n es APP 128.8",
    "Para 402",
    "Para 417 Chambery Info 123.7 ou Lyon St Ex APP 120.225",
    "Para 422 129.75 ou Lyon St Ex APP 120.225",
    "Para Cahors 119.225 & 133.725 >FL115 121.250",
    "Para Charleville 126,850",
    "Para Fretois le Chateau",
    "Para Gap 119.1",
    "Para Gap 119.1",
    "Para Handia Biarritz 125,6",
    "Para La Fleche 123,5 ou Nantes Info",
    "Para La Reole 123.35",
    "Para LeLUC 123.0 (SDJF)",
    "Para Les Ecottays ULM (SDJF)",
    "Para Lille Marcq 122,000",
    "Para Magny Cours Nevers Info 120.6",
    "Para Maubeuge 121,000",
    "Para Merville 119,075",
    "Para Neuvy le Roi Tours Info 121,0",
    "Para Peronne 129,800",
    "Para Puyricard Marseille Info 120.55",
    "ParaBouloc 123.35",
    "ParaGap Notam",
    "Parc Champagne Bourgogne",
    "Paris1",
    "Paris1",
    "Paris10",
    "Paris3",
    "Paris4",
    "Paris4.1",
    "Paris5",
    "Paris5.1",
    "Paris7",
    "Paris7.1_CLASSE_E_HORS_HOR_ATS_SEINE",
    "Paris7.2_CLASSE_E_HORS_HOR_ATS_SEINE",
    "Paris9",
    "Paris9.1",
    "Passy 300m/sol",
    "Poitiers1 134.1",
    "Poitiers2 134.1",
    "Poitiers3.1 134.1",
    "Poitiers3.2 134.1",
    "Poitiers4 134.1",
    "Poitiers5 134.1",
    "Provence 124.350",
    "Provence 17 120.205",
    "Provence 18.1 120.205",
    "Provence 18.1 120.205",
    "Provence 18.2 120.205",
    "Provence 19.1 120.205",
    "Provence 19.2 120.205",
    "Provence 19.3 120.205",
    "Provence 9.1 (CTA3 non active) 120.205",
    "Provence 9.2 (E possible) 120.205",
    "Provence 9.3 (E possible) 120.205",
    "Provence1 120.205",
    "Provence1 120.205",
    "Provence1 120.205",
    "Provence10 (R71 non active)",
    "Provence10 (R71 non active) 120.55",
    "Provence12 132.30",
    "Provence13 120.205",
    "Provence14 120.205",
    "Provence14 120.205",
    "Provence15 120.205",
    "Provence16 120.205",
    "Provence2 120.205",
    "Provence3 120.205",
    "Provence4.1 120.205",
    "Provence4.2 120.205",
    "Provence5.1 120.205",
    "Provence5.2 120.205",
    "Provence6 120.205",
    "Provence6.1 120.205",
    "Provence7 120.205",
    "Provence8 120.205",
    "Provence8 120.205",
    "Pyrenees1 121.175",
    "Pyrenees2 121.175",
    "Pyrenees3 121.175",
    "Pyrenees3 121.175",
    "Pyrenees4 121.175",
    "Pyrenees5 121.175",
    "Pyrenees5 121.175",
    "Pyrenees6 121.175",
    "Pyrenees6 121.175",
    "Pyrenees7 121.175",
    "Pyrenees8 121.175",
    "Pyrennees 1000m/sol",
    "R 101 Salon 135.15",
    "R 102 ANGOULEME 123.15",
    "R 104 Chambley Ballon TEL : 06 70 10 33 13",
    "R 106 Monaco 124.0",
    "R 115A Captieux Marsan APP 119.7",
    "R 115B Captieux Marsan APP 119.7",
    "R 115C Captieux Marsan APP 119.7",
    "R 116 PIC DE TAUSSE tel 04 68 06 45 83 (Lun,Mar,Jeu,Ven 06h00-2",
    "R 12 MtStMichel",
    "R 15A Para Brienne 123.42",
    "R 15B Para Brienne 123.42",
    "R 204 T5 VV Saucats Transit Nord",
    "R 45 N3 LUXEMBOURG",
    "R 97 VV Monce 119.12",
    "R VV 513 E Alpilles Echo 124.350",
    "R VV 513 W Alpilles Whisky 124.350",
    "R105A Poitiers 130.9 OU TEL 05 49 00 21 43",
    "R105B Poitiers 130.9 OU TEL 05 49 00 21 43",
    "R107 PROVENCE 124,35",
    "R108A F1 Istres 127.925",
    "R108A F2 Istres 127.925",
    "R108A F3 Istres 127.925",
    "R108B Istres 127.925",
    "R108C Istres 127.925",
    "R108E1 Istres 127.925",
    "R108E2 Istres 127.925",
    "R108E3 Istres 127.925",
    "R108K Istres 127.925",
    "R110A VV PtStVincent 127.25",
    "R110B VV PtStVincent 127.25",
    "R114A",
    "R114B (Notam)",
    "R119A Para (Notam)",
    "R119B Bouard (saufSDJF) 122.7",
    "R11A St Christol",
    "R11B SAINT CHRISTOL",
    "R1250 Aeromodelisme Pourrieres",
    "R125A VV ChauxEst 121.25",
    "R125B VV ChauxOuest 121.25",
    "R1274 Banne d Ordanche",
    "R127A VV OndeVosges 121.25",
    "R127B VV OndeVosges 121.25",
    "R130A Jabron FL195 Max 120.55 Marseille ou 122.15 Mhz Starter R",
    "R130B Buech FL155 Max 120.55 Marseille ou 122.15 Mhz Starter R1",
    "R130C Drome FL155 Max 120.55 Marseille ou 122.15 Mhz Starter R1",
    "R131 VV Grenoble 135.2 Mhz",
    "R137A Lapalisse (Notam)",
    "R137B Lapalisse (Notam)",
    "R138 (MRS 120,55)",
    "R138TA (MARSEILLE INFO 120,55)",
    "R138TB (MRS INFO 120,55)",
    "R139 Cher Nord (Sauf SDJF)",
    "R139 Cher Sud (Sauf SDJF)",
    "R13A Graves (Lorient 123.0)",
    "R13B Graves (Lorient 123.0)",
    "R13C Graves-Notam (Lorient 123.0)",
    "R14 LeBego (Lorient 123.0)",
    "R141 Lanveoc 120.6",
    "R142A Nievres Est (sauf SDJF)",
    "R142B Nievres Ouest (sauf SDJF)",
    "R143 Auvergne (sauf SDJF)",
    "R144A Loire S(sauf SDJF)",
    "R144B Loire N(sauf SDJF)",
    "R145 Creuse (sauf SDJF)",
    "R145A Creuse (sauf SDJF)",
    "R146A Loudeac (ArmorCCM)",
    "R146B Loudeac (ArmorCCM)",
    "R147 Charente (sauf SDJF)",
    "R148 Biscarosse (except R259)",
    "R149A Orleanais (sauf SDJF)",
    "R149B Berry (sauf SDJF)",
    "R149D vendee (sauf SDJF)",
    "R149E Maine-Anjou (sauf SDJF)",
    "R150A Phlsbrg 118.45",
    "R150B Phlsbrg 118.45",
    "R150C1 Phlsbrg 118.45",
    "R150C2 Phlsbrg 118.45",
    "R150D1 Phlsbrg 118.45",
    "R150D2 Phlsbrg 118.45",
    "R152 Alsace (sauf SDJF)",
    "R154 Brest 124.72",
    "R158A (Riesling 119.7)",
    "R158B(Riesling 119.7)",
    "R162 (122.9)",
    "R163A (Polygone 130.675 ou 03 83 52 64 46) Sauf WE & JF",
    "R163B (Polygone 130.67 ou 03 83 52 64 46) Sauf WE & JF",
    "R163C (Polygone 130.67 ou 03 83 52 64 46) Sauf WE & JF",
    "R164 Chenevieres tel 0632265289",
    "R165A Vienne S (sauf SDJF)",
    "R165B Vienne N (sauf SDJF)",
    "R166A1 Gironde S (sauf SDJF)",
    "R166A2 Gironde N (sauf SDJF)",
    "R166B Perigord (sauf SDJF)",
    "R166C Vezere (sauf SDJF)",
    "R167A Montlucon 118.4",
    "R167B Montlucon 118.4",
    "R168(saufSDJF) Ochey 127.25",
    "R169 Larzac (MPL info 134.37) Officier de Tir 05 65 58 48 04 ac",
    "R170A+B CALAMAR 119.6",
    "R171  BELFORT",
    "R172 Razimont tel 03 29 69 82 37",
    "R173A VV Fayence",
    "R173B VV Fayence",
    "R175A (118.62)",
    "R180A Lure (FL220 Max)",
    "R180B Lure (FL280 max)",
    "R185 Sacconges (NOTAM)",
    "R187 Cessales (Sauf DIM & JF) tel 06 30 32 20 97",
    "R188 St Lubin",
    "R190 A NIMES (Rhone 119.475)",
    "R190 B NIMES (Rhone 119.475)",
    "R190 C NIMES (Rhone 119.475)",
    "R191A (sauf SDJF)",
    "R191B (sauf SDJF)",
    "R191C (sauf SDJF)",
    "R193A (sauf SDJF)",
    "R193B (sauf SDJF)",
    "R194A (Lyon info Secteur W=135.200 - Secteur E=135.525 )",
    "R194B (Lyon info Secteur W=135.200 - Secteur E=135.525 )",
    "R195 Toulbroch (Armor 124.72)",
    "R196A1 Est+SUP GAP (Notam) Fanny 127.97",
    "R196A1 Ouest+SUP GAP (Notam) Fanny 127.97",
    "R196A2 GAP (Notam) Fanny 127.97",
    "R196B GAP (Notam) Fanny 127.97",
    "R196C Est Valensole (Notam) Fanny 127.97",
    "R196C Ouest Valensole (Notam) Fanny 127.97",
    "R196C Sup Valensole (Notam) Fanny 127.97",
    "R199 SecteurVV Neuhof",
    "R1F Lorient TMO  tel 02 97 12 67 20",
    "R2 Ruchard",
    "R201A1 Navarrenx (Notam) 126.52",
    "R201A2 Navarrenx (Notam) 126.52",
    "R201B Oloron (Notam) 126.525",
    "R202A Caylus (TLS 121.25)",
    "R202B Caylus (TLS 121.25)",
    "R203ABC La Courtine (LMG 124.050)",
    "R204L1 VV Saucats Local Nord",
    "R204L2 VV Saucats Local Nord",
    "R204L3 VV Saucats Local Sud",
    "R204L4 VV Saucats Local Sud",
    "R204T1 VV Saucats Transit Est",
    "R204T2 VV Saucats Transit Centre",
    "R204T3 VV Saucats Transit Ouest",
    "R204T4 VV Saucats Transit Sud",
    "R209 L:ARSOT tel 03 84 98 43 69",
    "R20B1 Avord 119,7",
    "R20B4 Avord 119,7",
    "R20B5 Avord 119,7",
    "R210 Hagnicourt (Sauf SDJF)",
    "R211 Vol Libre (Luxeuil 129.92)",
    "R212 Vol Libre (Luxeuil 129.92)",
    "R215 LFSK (StDizier 134.77)",
    "R217/1 Rhone (Rhone 127.92)",
    "R217/1.1 Istres (Rhone 127.925)",
    "R217/1.2 Istres (Rhone 127.925)",
    "R217/1.3 Istres (Rhone 127.925)",
    "R217/2 Rhone (Rhone 127.925)",
    "R217/3 Rhone (Rhone 127.925)",
    "R217/4 Rhone (Rhone 127.925)",
    "R217/5 Rhone (Rhone 127.925)",
    "R217/6 Rhone (Rhone 127.925)",
    "R220A Chambaran (Sauf SDJF)",
    "R220B Chambaran (Sauf SDJF)",
    "R221A Rochilles (Notam)",
    "R221B Rochilles (Notam)",
    "R222A Galibier (Notam)",
    "R222B Galibier (Notam)",
    "R222C Galibier (Notam)",
    "R223 Casta",
    "R224 StGalmier",
    "R225 Nice",
    "R228A Bitche (STR 120.700)",
    "R228B Bitche (Notam)",
    "R229A Wavrille (Etain 120.125)",
    "R229B Wavrille (Etain 120.125)",
    "R23",
    "R230 Baccarat (Polygone 130.27)",
    "R231A Valdahon (Bale 135.85) sauf DJF",
    "R231B Valdahon (Bale 135.85) sauf DJF",
    "R238 LONGAGES (Sauf DIM & JF) TEL 06 30 32 20 97",
    "R239 SYDEREC COETQUIDAN",
    "R24(sauf DIm & JF) RCIM Poitiers 05 49 00 21 43",
    "R240 La Loubere (Pyrenees 126.525)",
    "R242 Arcomps (Avord 119.7)",
    "R243LaFerte(sauf SDJF)",
    "R245Fontevraud",
    "R246 Castres-Mazamet (Castres Info 118.5)",
    "R247 Souge (Merignac 118.3)",
    "R249 Bussac (Notam)",
    "R250 AvonBriou (Notam)",
    "R251 E St Astier tel 05.53.02.37.06",
    "R251 St Astier H24",
    "R251 W St Astier tel 05.53.02.37.06",
    "R26(sauf VSDJF)",
    "R263 Septfonds tel 05 62 25 27 78",
    "R264 ERMENONVILLE",
    "R265 LA GREMUSE",
    "R266 SAN SEBASTIAN",
    "R267 A TURSAN 119.70",
    "R267 B TURSAN 119.70",
    "R267 C TURSAN 119.70",
    "R268 CERCOTTES  12:RC tel 02 38 82 25 24",
    "R27(sauf MeSDJF)",
    "R271 Campagnole 135.150",
    "R272 Puyricard 120.550",
    "R30A H24 sauf Juillet & Août - Interdite seulement aux PUL / U",
    "R30B active H24 Juillet & Août - Interdite seulement aux PUL /",
    "R30C active H24 du 01/06 au 15/10 - Autorisation planeurs et aÃ",
    "R3100A VV Beynes",
    "R3100B VV Beynes",
    "R3100C VV Beynes",
    "R3100D VV Beynes",
    "R3100E VV Beynes",
    "R3100FT VV Beynes",
    "R3100G VV Beynes",
    "R3100H VV Beynes",
    "R3100J VV Beynes",
    "R3100K VV Beynes",
    "R3100L VV Beynes",
    "R3100M VV Beynes",
    "R3100N VV Beynes",
    "R3101A VV Buno",
    "R3101B VV Buno",
    "R3101C VV Buno",
    "R3101D VV Buno",
    "R3102A VV Compiegne",
    "R3102B VV Compiegne",
    "R3102C VV Compiegne",
    "R3102D VV Compiegne",
    "R3102E VV Compiegne",
    "R3102F VV Compiegne",
    "R3102V VV Compiegne",
    "R3102W VV Compiegne",
    "R3103A VV Coulommiers",
    "R3103B VV Coulommiers",
    "R3103C VV Coulommiers",
    "R3103D VV Coulommiers",
    "R3103E VV Coulommiers",
    "R3103F VV Coulommiers",
    "R3103G VV Coulommiers",
    "R3103H VV Coulommiers",
    "R3103J VV Coulommiers",
    "R3103K VV Coulommiers",
    "R3103L VV Coulommiers",
    "R3103M VV Coulommiers",
    "R3103N VV Coulommiers",
    "R3103P VV Coulommiers",
    "R3104A VV Mantes",
    "R3104B VV Mantes",
    "R3104C VV Mantes",
    "R3104D VV Mantes",
    "R3104E VV Mantes",
    "R3104F VV Mantes",
    "R3104G VV Mantes",
    "R3104H VV Mantes",
    "R3104J VV Mantes",
    "R3104K VV Mantes",
    "R3104V VV Mantes",
    "R3105A VV Soissons",
    "R3105B VV Soissons",
    "R3105C VV Soissons",
    "R3105D VV Soissons",
    "R3105E VV Soissons",
    "R3105F VV Soissons",
    "R3106A VV Bailleau",
    "R3106B VV Bailleau",
    "R3106C VV Bailleau",
    "R3106D VV Bailleau",
    "R3107 Chavenay",
    "R3111 A-B BIEVRES",
    "R31A1 Cazaux 119.6",
    "R31A2 Cazaux 119.6",
    "R31A3 Cazaux 119.6",
    "R31A4 Cazaux 119.6",
    "R31B Cazaux 119.6",
    "R31C Cazaux 119.6",
    "R3202 VV L:Arbresle autorise selon protocole (Veille radio 129.",
    "R328 Dax APP 122.05",
    "R329 tel 04 75 96 97 00",
    "R33 Solferino (Marsan 119.7)",
    "R330 A Pelissanne Salon 135.15",
    "R330 B Aurons Salon 135.15",
    "R331 Arbonne tel 04 79 71 22 59",
    "R332 Pointe Leisette Combe la neuve tel 04 79 71 22 59",
    "R335 Punta Bianca TEL 04 95 60 92 70",
    "R34A1 Marsan 119.7",
    "R34A2 Marsan 119.7",
    "R34B MARSAN 119.700",
    "R34C Marsan 119.7",
    "R34D Marsan 119.7",
    "R368 A par NOTAM",
    "R368 B par NOTAM",
    "R368 C1 par NOTAM",
    "R368 C2 par NOTAM",
    "R368 E1 par NOTAM",
    "R368 E2 par NOTAM",
    "R39 Carcassonne 121.000",
    "R3A Vouziers tel 03 25 07 72 14",
    "R3B Vouziers NOTAM",
    "R40A Dax 118.32",
    "R40B Dax 122.05",
    "R41 Pau Madiran 129.9",
    "R42 Pau Madiran 129.9",
    "R44A Lourdes 119.05",
    "R44B Lourdes 119.05",
    "R44B Lourdes 119.05",
    "R45 A (sauf SDJF)",
    "R45 B (sauf SDJF)",
    "R45 C (sauf SDJF)",
    "R45 N2 (sauf SDJF)",
    "R45 N4 (sauf SDJF)",
    "R45 N5 (sauf SDJF)",
    "R45 N5.1 (sauf SDJF)",
    "R45 S1 (sauf SDJF)",
    "R45 S2 (sauf SDJF)",
    "R45 S3 (sauf SDJF)",
    "R45 S4 (sauf SDJF)",
    "R45 S5 (sauf SDJF)",
    "R45 S6.1 (sauf SDJF)",
    "R45 S6.2 (sauf SDJF)",
    "R45 S7 (sauf SDJF)",
    "R45NS (sauf SDJF)",
    "R46 A (sauf SDJF)",
    "R46 B (sauf SDJF)",
    "R46 C (sauf SDJF)",
    "R46 D (sauf SDJF)",
    "R46 E1 (sauf SDJF)",
    "R46 E2 (sauf SDJF)",
    "R46 F1 (sauf SDJF)",
    "R46 F2 (sauf SDJF)",
    "R46 F3 (sauf SDJF)",
    "R46 G (sauf SDJF)",
    "R46 N1 (sauf SDJF)",
    "R46 N2 (sauf SDJF)",
    "R48 PAS DE LA FOSSE CHAMBERY INFO 123.700 ATIS 127.100",
    "R49A1 Cognac 132.45",
    "R49A2 Cognac 132.45",
    "R49E1 Cognac 132.45",
    "R49E2 Cognac 132.45",
    "R49H1 Cognac 132.45",
    "R49H2 Cognac 132.45",
    "R49L1 Cognac 132.45",
    "R49L2 Cognac 132.45",
    "R49S (Saintes 123.17)",
    "R4A RAI 118.62",
    "R4B RAI 118.62",
    "R4C RAI 118.62",
    "R50 LA PEYRIERE",
    "R503 MOURMELON (tel 03 26 67 81 00)",
    "R506 A Coetquidan",
    "R51 VV Limoges 128.07",
    "R55A Orange 118.92",
    "R55AE Orange 118.92",
    "R55B Orange 118.92",
    "R55BE Orange 118.92",
    "R55C Orange 118.92",
    "R55D Orange 118.92",
    "R56 (sauf SDJF)",
    "R57 (sauf SDJF)",
    "R574A Auvours",
    "R574B Auvours",
    "R576A Polset (tel 04 79 71 22 21)",
    "R576B Polset (tel 04 79 71 22 21)",
    "R589A Lot (sauf SDJF)",
    "R589B Lot (sauf SDJF)",
    "R590A MendeSud (sauf SDJF)",
    "R590B MendeNord(sauf SDJF)",
    "R591 Allier (sauf SDJF)",
    "R592 Cantal (sauf SDJF)",
    "R593 Les Puys (sauf SDJF)",
    "R597",
    "R5A (Sauf WE & JF) 118.775",
    "R5B (Sauf WE & JF) 118.775",
    "R5C (SAUF WE &JF )",
    "R5D (SAUF WE &JF ) 118.775",
    "R60 (NOTAM sauf SDJF)",
    "R64A0 Toulon 118.825",
    "R64A1 Toulon 118.825",
    "R64A2 Toulon 118.825",
    "R64A3 Toulon 118.825",
    "R64B Toulon 118.825",
    "R64C Toulon 118.825",
    "R65 Solenzara 119.9",
    "R66A Solenzara 119.9",
    "R66B Solenzara 119.9",
    "R66C Solenzara 119.9",
    "R68A",
    "R68B",
    "R68C",
    "R68D",
    "R69(sauf SDJF) StDizier 134.77",
    "R6A Mailly (Paris 120.95)",
    "R6B Mailly (Notam ou Paris 125.7)",
    "R6C Mailly (Notam ou Paris 125.7)",
    "R6D Mailly (Notam ou Tel 03 25 47 24 38)",
    "R6E Mailly (Notam ou Tel 03 25 47 24 38)",
    "R71A Couloir Est Inferieur",
    "R71A Couloir Est Superieur",
    "R71A Salon 135.15",
    "R71B salon 135.15",
    "R71C Salon 135.15",
    "R71D Salon 135.15",
    "R71E Salon 135.15",
    "R73 La Salanque",
    "R77A Salon 135.15",
    "R7A TOURS CMLP",
    "R7B TOURS CMLP",
    "R7c TOURS CMLP",
    "R8 Courbessac",
    "R87 Epinal 120.2",
    "R88 BerreLaFare",
    "R89 Opoul H24",
    "R92Pagny Ochey 127.25",
    "R93 Etain 120.12",
    "R94 A B Meucon (Nante 122.8)",
    "R95A Le Luc 122,2",
    "R95B1 Le Luc 122.2",
    "R95B2 Le Luc 122.2",
    "R95C Le Luc 122.2",
    "R95D1 Le Luc 122.2",
    "R95D2 Le Luc 122.2",
    "R95D3 Le Luc 122.2",
    "R96 Chambord",
    "R9A Bourges (Avord 119,7)",
    "R9B Bourges (Avord 119,7)",
    "RMZ Angers 124.7",
    "RMZ Angouleme 123.15",
    "RMZ Castres 118.5",
    "RMZ Chavenay 129.525",
    "RMZ Cherbourg 119.625",
    "RMZ Grenoble le Versoud  121.0  Du 16/06/2022 au 15/06/2023",
    "RMZ La Mole 118.125",
    "RMZ La Roche sur Yon 119.9",
    "RMZ Lannion 118.4",
    "RMZ Le Havre  135.2  Du 30/03/2017 au 08/11/2017",
    "RMZ Lognes 118.6",
    "RMZ Meaux 120.15",
    "RMZ Melun 121.1",
    "RMZ Morlaix 118.5",
    "RMZ Muret 123.2",
    "RMZ Muret 123.2",
    "RMZ Nancy Essey 119.6",
    "RMZ Quiberon 119.6",
    "RMZ Rochefort 119.3",
    "RMZ Solenzara 118.350",
    "RMZ Valence 120.1",
    "Rennes 3 134.0",
    "Rennes 4 126.95",
    "Rennes 5 120.35",
    "Rennes 6 120.35",
    "Rennes1 134.0",
    "Rennes2 134.0",
    "Report DOMOD",
    "Reserve naturelle de La Bailletaz",
    "Rhone1 (Rhone 127.92)",
    "Rhone2 (Rhone 127.92)",
    "Rhone3 (Rhone 127.92)",
    "Rhone4 (Rhone 127.92)",
    "Rhone5 (Rhone 127.92)",
    "Rhone6 (Rhone 127.92)",
    "SALON DE PROVENCE LF R 77 B",
    "SISSONNE R 114 C",
    "Sarre",
    "Secteur Brumath 119.25",
    "Seine1 118.050",
    "Seine10 NOTAM SEINE APP 134.875",
    "Seine2 118.890",
    "Seine4 118.890",
    "Seine5 118.050",
    "Seine6 118.050",
    "Seine7 NOTAM SEINE APP 134.875",
    "Seine7 NOTAM SEINE APP 134.875",
    "Seine8 NOTAM SEINE APP 134.875",
    "Seine9 NOTAM SEINE APP 134.875",
    "Sixt 300m/sol",
    "StDizier1.1 134.775",
    "StDizier1.2 134.775",
    "StDizier2 134.775",
    "StDizier3 134.775",
    "StYan2 123.405",
    "Strasbourg 8 120.700",
    "Strasbourg 8 120.700",
    "Strasbourg1 120.700",
    "Strasbourg1 120.700",
    "Strasbourg1.1 120.700",
    "Strasbourg10 120.700",
    "Strasbourg11 120.700",
    "Strasbourg2.1 120.700",
    "Strasbourg3 120.700",
    "Strasbourg4 120.700",
    "Strasbourg5 120.700",
    "Strasbourg6 120.700",
    "Strasbourg7 120.700",
    "Strasbourg9 120.700",
    "Strasbourg9 120.700",
    "TMA AQUITAINE partie 1-1 120.575",
    "TMA AQUITAINE partie 1-2 120.575",
    "TMA AQUITAINE partie 3-3",
    "TMA BALE partie 11",
    "TMA BALE partie 12",
    "TMA BALE partie 13",
    "TMA BALE partie 14",
    "TMA BASTIA partie 1",
    "TMA BASTIA partie 2",
    "TMA BASTIA partie 3",
    "TMA BASTIA partie 3",
    "TMA BASTIA partie 4",
    "TMA BASTIA partie 5",
    "TMA BASTIA partie 5",
    "TMA BASTIA partie 6",
    "TMA BASTIA partie 7",
    "TMA BIARRITZ partie 7",
    "TMA BIARRITZ partie 8",
    "TMA CHAMBERY 1 CHAMBERY INFO 123.7 CLASSE E de mi-avril  mi-dec",
    "TMA CHAMBERY 2 CHAMBERY INFO 123.7 CLASSE E de mi-avril  mi-dec",
    "TMA CHAMBERY 3 CHAMBERY INFO 123.700 CLASSE E de mi-avril  mi-d",
    "TMA CHAMBERY 4 CHAMBERY INFO 123.700 Inactive de mi-avril  mi-d",
    "TMA GENEVE partie 1",
    "TMA GENEVE partie 10",
    "TMA GENEVE partie 2",
    "TMA GENEVE partie 3",
    "TMA GENEVE partie 4",
    "TMA GENEVE partie 4.1 ST CLAUDE NORD Autorisation Geneva Alps R",
    "TMA GENEVE partie 6",
    "TMA GENEVE partie 7",
    "TMA GENEVE partie 8",
    "TMA GENEVE partie 9",
    "TMA ILES ANGLO NORMANDES",
    "TMA LANVEOC partie 1",
    "TMA LANVEOC partie 2",
    "TMA LILLE 4 126,48",
    "TMA LILLE 4 126.48",
    "TMA LILLE 4.1 126.48 Declassable E",
    "TMA LILLE3 126.48",
    "TMA LORRAINE partie 2.1 119.125",
    "TMA LORRAINE partie 3.1 119.125",
    "TMA LUXEUIL partie 5 129.925",
    "TMA LYON partie 01 Secteur W=135.200 - Secteur E=135.525",
    "TMA LYON partie 02.1 Secteur W=135.200 - Secteur E=135.525",
    "TMA LYON partie 02.2 Secteur W=135.200 - Secteur E=135.525",
    "TMA LYON partie 03 LYON INFO Secteur W=135.200 - Secteur E=135.",
    "TMA LYON partie 04 LYON INFO Secteur W=135.200 - Secteur E=135.",
    "TMA LYON partie 05 LYON INFO 135.200",
    "TMA LYON partie 06 GENEVE 119.175",
    "TMA LYON partie 06 GENEVE 119.175",
    "TMA LYON partie 06.1 ATIS SUISSE 124.755  VEILLE RADIO 121.130",
    "TMA LYON partie 07 LYON INFO 135.200",
    "TMA LYON partie 07.1 MARSEILLE CTL 123.805",
    "TMA LYON partie 08",
    "TMA LYON partie 09 LYON INFO 135.525",
    "TMA LYON partie 10 135.525",
    "TMA LYON partie 12 MARSEILLE CTL 123.805",
    "TMA LYON partie 9.1 LYON INFO 135.200",
    "TMA Lille1 126.48",
    "TMA Lille1 126.48",
    "TMA Lille1.1 126.48 Declassable G",
    "TMA Lille10 129.360 sauf CTR Albert Bray",
    "TMA Lille11 129.360",
    "TMA Lille12 120.275",
    "TMA Lille13 120.275",
    "TMA Lille14 classe E en W.E et J.F",
    "TMA Lille15",
    "TMA Lille16",
    "TMA Lille3.1 126.48 declassable en G",
    "TMA Lille5 126.48",
    "TMA Lille6 126.48",
    "TMA Lille7 120.275",
    "TMA Lille8 120.275",
    "TMA MONTPELLIER partie 12",
    "TMA MONTPELLIER partie 13",
    "TMA MONTPELLIER partie 14",
    "TMA MONTPELLIER partie 15",
    "TMA MONTPELLIER partie 16",
    "TMA MONTPELLIER partie 17",
    "TMA MONTPELLIER partie 18",
    "TMA MONTPELLIER partie 18",
    "TMA MONTPELLIER partie 19",
    "TMA MONTPELLIER partie 20",
    "TMA MONTPELLIER partie 20",
    "TMA MONTPELLIER partie 21",
    "TMA MONTPELLIER partie 22",
    "TMA MONTPELLIER partie 23",
    "TMA MONTPELLIER partie 24",
    "TMA MONTPELLIER partie 3",
    "TMA NANCY partie 4",
    "TMA NANTES partie 1",
    "TMA NANTES partie 2",
    "TMA NANTES partie 3 130.275",
    "TMA NANTES partie 4 130.275",
    "TMA NANTES partie 5 130.275",
    "TMA NANTES partie 6 130.275",
    "TMA NICE partie 3",
    "TMA PARIS partie 2",
    "TMA SAINT-YAN partie 1 123.405",
    "TMA SAINT-YAN partie 1.4",
    "TMA SEINE partie 3 118.890",
    "TMA TOULOUSE partie 1.1",
    "TMA TOULOUSE partie 1.2",
    "TMA TOULOUSE partie 4-1",
    "TMZ MONTELIMAR",
    "TMZ RMZ Orleans APP 122.7",
    "TMZ Sarrebruck - LANGEN radar",
    "TMZ St TROPEZ",
    "TMZ TOURS 124.4 NOTAM",
    "TMZ TOURS 124.4 NOTAM",
    "TMZ TOURS 124.4 NOTAM",
    "TMZ TOURS 124.4 NOTAM",
    "TMZ TOURS 124.4 NOTAM",
    "TOURRIS LF R 234 A",
    "TOURRIS LF R 234 B",
    "Toulouse2",
    "Toulouse3",
    "Toulouse3.1",
    "Toulouse4",
    "Toulouse4.2",
    "Toulouse4.3",
    "Toulouse4.4 Nord",
    "Toulouse4.4 Sud",
    "Toulouse4.5",
    "Toulouse4.6",
    "Toulouse4.7",
    "Toulouse4.8",
    "Toulouse5",
    "Toulouse6",
    "Transit VV Axe1",
    "Transit VV Axe3",
    "Transit VV Axe4",
    "Transit1 Chateaudun 122.7",
    "VV Ganges1 130.855",
    "VV Ganges2",
    "VV Montdidier",
    "VV PicStLoup 4500Ft Max",
    "VV R135 Oyonnax Sud Autorisation Geneva Alps Radar 119.175",
    "VV R219 Saint-Claude Sud Autorisation Geneva Alps Radar 119.175",
    "VV R3200A Tour Du Pin autorise selon protocole (ATIS 118.380) /",
    "VV R3200B Tour du Pin autorise selon protocole (ATIS 118.380) /",
    "VV R3201A Villefranche autorise selon protocole (ATIS 118.380) ",
    "VV R3201B Villefranche autorise selon protocole (ATIS 118.380) ",
    "VV R3203 Beaujolais autorise selon protocole (ATIS 118.380) / T",
    "VV R3204A Pilat Onde autorise selon protocole (ATIS 118.380) / ",
    "VV R3204B Pilat Onde autorise selon protocole (ATIS 118.380) / ",
    "VV R3205A Nord-Est autorise selon protocole (ATIS 118.380) / TM",
    "VV R3205B Sud-Est autorise selon protocole (ATIS 118.380) / TMA",
    "VV St Denis 122.7",
    "VV StDenisSud 122.7",
    "VV StYan1.1 Roanne 123.405",
    "VV StYan1.2 Paray 123.405",
    "VV StYan1.3 Moulins 123.405",
    "VV Strasbourg 1.2 120.700 Haguenau 126.92",
    "VV orleans Sud 122.7",
    "Vanoise 1000m/sol",
    "Vanoise P1 Grand Roc noir autorise du 15/05 au 30/10",
    "Vanoise P2 Aussois autorise du 15/05 au 30/10",
    "Vercors 300m/Sol",
    "Vol Libre Cote-Rouge",
    "Vol Libre Mont-Moiran",
    "Voltige 118.15",
    "Voltige 122.3",
    "WHISKEY 1 VV",
    "WHISKEY 2 VV",
    "WHISKEY 4 VV",
    "WHISKEY 6 VV",
    "WHISKEY 7 VV",
    "WHISKEY 8 VV",
    "ZRT Rouen Echo Lille app 134.825",
    "ZRT Rouen Whisky Lille app 134.825",
    "ZRT Salbris sur NOTAM Sauf WE&JF Paris Info 126.100 ou 02 45 40",
    "ZSM T-04 SEC 044 | N-23-0000084 | Chauvet 1 - (3015)",
    "ZSM T-04 SEC 275 | N-23-0000156 | Pelvat Ubaye 1 PNM - (4174)",
    "ZSM T-05 SEC 1375 | N-27-0000288 | Le Rompeau - (5991)",
    "ZSM T-05 SEC 1381 | N-27-0000291 | L_Ardouere - (6000)",
    "ZSM T-06 SEC 1042 | N-23-0000238 | Rayettes 2 - (5496)",
    "ZSM T-06 SEC 1044 | N-23-0000105 | Rocher du Prêtre 1 - (5498)",
    "ZSM T-06 SEC 378 | N-23-0000211 | Demandols 6 - (4332)",
    "ZSM T-09 SEC 018 | H5 - Sinsat / Les Quies - (2986)",
    "ZSM T-09 SEC 018 | H5 - Sinsat / Les Quiès - (2986)",
    "ZSM T-09 SEC 023 | H3W - Seix / Estours | les Portes - (2990)",
    "ZSM T-09 SEC 023 | H3W - Seix / Estours | les Portes - (2990)",
    "ZSM T-09 SEC 065 | H6 - Aulus / Fouillet - (3035)",
    "ZSM T-09 SEC 068 | H4 - Auzat / Soulcem - (3032)",
    "ZSM T-09 SEC 068 | H4 - Auzat / Soulcem - (3032)",
    "ZSM T-09 SEC 070 | I1 - Orlu / La Coudine - (3038)",
    "ZSM T-09 SEC 070 | I1 - Orlu / La Coudine - (3038)",
    "ZSM T-09 SEC 1361 | H8 Lujat Rive Gauche - (5976)",
    "ZSM T-09 SEC 1361 | H8 Lujat Rive Gauche - (5976)",
    "ZSM T-09 SEC 1411 | H11 - Merens | H11 - La Fuillaterre - (6043",
    "ZSM T-09 SEC 1414 | H10 Les Quiés - Sabart | H10 - Les baux- a",
    "ZSM T-09 SEC 268 | H7 - Montsegur / La Frau | Aire n:1 - (4158)",
    "ZSM T-09 SEC 268 | H7 - Montségur / La Frau | Aire n°1 - (415",
    "ZSM T-11 SEC 1395 | K1 Gorges de St Georges | Gorges de St Geor",
    "ZSM T-26 SEC 1047 | N-21-0000255 | Ambane1 - (5503)",
    "ZSM T-26 SEC 1418 | Archiane - Les Assiers - (6052)",
    "ZSM T-2A SEC 047 | Bavella - (3026)",
    "ZSM T-2A SEC 059 | Guagno ouest / Casca Degna - (3019)",
    "ZSM T-2A SEC 061 | Guagno est / Alle Porta - (3056)",
    "ZSM T-2A SEC 1413 | EVISA (felce) - (6046)",
    "ZSM T-2B SEC 056 | Corte / Restonica - Spenicazzia - (3021)",
    "ZSM T-2B SEC 058 | Bonifato - (3025)",
    "ZSM T-2B SEC 062 | Popolasca - (3020)",
    "ZSM T-31 SEC 1417 | G5 | G5 - Lacusse - (6051)",
    "ZSM T-31 SEC 1417 | G5 | G5 - Lacusse - (6051)",
    "ZSM T-31 SEC 227 | G3 - Saint-Mamet / Burbe - (3674)",
    "ZSM T-38 SEC 1263 | N-27-0000259 | Plan du Lac - (5868)",
    "ZSM T-38 SEC 1264 | N-27-0000260 | Plan du Lac 2 - (5869)",
    "ZSM T-38 SEC 479 | N-27-0000218 | les bans - (4449)",
    "ZSM T-48 SEC 1056 | Dargilan_1 - (5516)",
    "ZSM T-48 SEC 299 | taquet_1 | site_taquet_frepestel - (4222)",
    "ZSM T-48 SEC 304 | Capelan_1 - (4229)",
    "ZSM T-64 AS 130 | Baralet - (5882)",
    "ZSM T-64 AS 133 | AS 133 | C6 | Pene Latousse 2 - (6044)",
    "ZSM T-64 OS 109 | C7 - Pène rouge | C7 - Pène rouge - (6050)",
    "ZSM T-64 OS 110 | C4 - Cézy - Aire des échelles | Aire des é",
    "ZSM T-64 SEC 1278 | B2 - Kakuetta RD amont | Kakuetta rive droi",
    "ZSM T-64 SEC 1278 | B2 - Kakuetta RD amont | Kakuetta rive droi",
    "ZSM T-65 CA 030 | D6S - Cauterets | Raillère - (4301)",
    "ZSM T-65 LU 064 | D7 - Barèges / Baran | La bath de Sers - (41",
    "ZSM T-65 LU 071 | PNPY LU 071 | Ossoue3 - (5491)",
    "ZSM T-65 SEC 028 | D1 Saint-Pé-de-Bigorre / Montné - (2988)",
    "ZSM T-65 SEC 042 | F4 - Ourde / Pène Coupude - (3013)",
    "ZSM T-65 SEC 078 | F2 - Genos / Coume de Rougnoude - (3051)",
    "ZSM T-65 SEC 078 | F2 - Genos / Coume de Rougnoude - (3051)",
    "ZSM T-66 SEC 060 | I3 - Carol - Cortvassill / Pedraguera - (304",
    "ZSM T-66 SEC 074 | J1 - Thues entre Valls / Carança | Roc de l",
    "ZSM T-66 SEC 074 | J1 - Thuès entre Valls / Carança | Roc de ",
    "ZSM T-66 SEC 1032 | J3-Nyer-Gorges de Nyer | Gorges de Nyer - (",
    "ZSM T-66 SEC 1283 | I2 Err - Coma Dolca | Coma Dolca - (5890)",
    "ZSM T-66 SEC 1283 | I2 Err - Coma Dolca | Coma Dolca - (5890)",
    "ZSM T-66 SEC 1415 | Olla - (6048)",
    "ZSM T-73 HM 014 | N-22-0000092 | Andagne 1 - (2827)",
    "ZSM T-73 HM 027 | N-22-0000045 | Termignon 2 - (2822)",
    "ZSM T-73 HM 027 | N-22-0000045 | Termignon 2 - (2822)",
    "ZSM T-73 HT 001 | N-22-0000134 | Bourg 3 - (2842)",
    "ZSM T-73 HT 068 | N-22-0000090 | Peisey 3 - (2839)",
    "ZSM T-73 HT 068 | N-22-0000090 | Peisey 3 - (2839)",
    "ZSM T-73 HT 079 | N-22-0000169 | Gorges de la Daille - (3708)",
    "ZSM T-73 HT 079 | N-22-0000169 | Gorges de la Daille - (3708)",
    "ZSM T-73 HT 082 | N-22-0000227 | Charbonnet_Gypa - (4450)",
    "ZSM T-73 HT 082 | N-22-0000227 | Charbonnet_Gypa - (4450)",
    "ZSM T-73 MO 001 | N-22-0000300 | Bra8 - (2701)",
    "ZSM T-73 SEC 1031 | N-22-0000253 | Râteau Vieux - (5475)",
    "ZSM T-73 SEC 1373 | N-22-0000307 | Croix des Têtes - (5988)",
    "ZSM T-74 SEC 033 | 21 - Sixt-Fer-à-Cheval / ChardonnièresN-21",
    "ZSM T-74 SEC 037 | 21 - Sixt-Fer-à-Cheval / PlacesN-21-0000070",
    "ZSM T-74 SEC 1039 | N-21-0000022 | HS4BA4 Bargy 4 - (5493)",
    "ZSM T-74 SEC 1275 | N-21-0000264 | Bargy5Sud - (5880)",
    "ZSM T-74 SEC 1276 | N-21-0000265 | Pierre Fendue - (5881)",
    "ZSM T-74 SEC 1288 | N-21-0000274 | Prodains - (5895)",
    "ZSM T-74 SEC 1390 | N-21-0000295 | Meyrieu - (6020)",
    "ZSM T-74 SEC 1416 | N-21-0000301 | Aig manigod sud - (6049)",
    "ZSM T-PNPY AS 106 | C2 - Accous-La Marrere | La Marrere 1 - (41",
    "ZSM T-PNPY AS 106 | C2 - Accous-La Marrère | La Marrère 1 - (",
    "ZSM T-PNPY AU 007 | F1E - Saint-Lary / Rioumajou  | Rioumajou -",
    "ZSM T-PNPY AU 038 | F3 - Ancizan / Lio  | Pic de Lio - (4130)",
    "ZSM T-PNPY AU 038 | F3 - Ancizan / Lio  | Pic de Lio - (4130)",
    "ZSM T-PNPY AU 088 | F1W - Aragnouet / Moudang  | Moudang 2 - (3",
    "ZSM T-PNPY AU 088 | F1W - Aragnouet / Moudang  | Moudang 2 - (3",
    "ZSM T-PNPY AZ 053 | C9 - Asson / La Glacière | Laguigue - (396",
    "ZSM T-PNPY CA 021 | D6 - Cauterets- Peyre Nère | Peyre Nère -",
    "ZSM T-PNPY LU 017 | D5 - Gèdre / Saussa | Ayrues - (3948)",
    "ZSM T-PNPY LU 056 | D7 - Luz Saint-Sauveur / Abié  | Abié - (",
    "ZSM T-PNPY LU 057 | D4 - Bagnères de Bigorre-Bizoutère | Bizo",
    "ZSM T-PNPY OS 013 | C5 - Laruns-Pic de Lorry  | Lorry - (4040)",
    "ZSM T-PNPY OS 013 | C5 - Laruns-Pic de Lorry  | Lorry - (4040)",
    "aquitaine10 120.575",
    "tel 05 63 21 73 34",
]
